SUMMARY {'count': 30, 'ok': 30, 'fail': 0, 'p50': 48.1, 'p95': 3041.9, 'max': 3042.5}
{
  "target": "2001:2",
  "object": "analog-input:1",
  "property": "present-value",
  "probe": {
    "i": -1,
    "ok": true,
    "ms": 37.2,
    "val": "2.0"
  },
  "burst": [
    {
      "i": 0,
      "ok": true,
      "ms": 48.2,
      "val": "2.0"
    },
    {
      "i": 1,
      "ok": true,
      "ms": 80.2,
      "val": "2.0"
    },
    {
      "i": 2,
      "ok": true,
      "ms": 127.8,
      "val": "2.0"
    },
    {
      "i": 3,
      "ok": true,
      "ms": 160.6,
      "val": "2.0"
    },
    {
      "i": 4,
      "ok": true,
      "ms": 208.2,
      "val": "2.0"
    }
  ],
  "sequential": [
    {
      "i": 0,
      "ok": true,
      "ms": 3042.5,
      "val": "2.0"
    },
    {
      "i": 1,
      "ok": true,
      "ms": 47.8,
      "val": "2.0"
    },
    {
      "i": 2,
      "ok": true,
      "ms": 48.0,
      "val": "2.0"
    },
    {
      "i": 3,
      "ok": true,
      "ms": 49.8,
      "val": "2.0"
    },
    {
      "i": 4,
      "ok": true,
      "ms": 46.4,
      "val": "2.0"
    },
    {
      "i": 5,
      "ok": true,
      "ms": 47.9,
      "val": "2.0"
    },
    {
      "i": 6,
      "ok": true,
      "ms": 47.3,
      "val": "2.0"
    },
    {
      "i": 7,
      "ok": true,
      "ms": 47.8,
      "val": "2.0"
    },
    {
      "i": 8,
      "ok": true,
      "ms": 49.0,
      "val": "2.0"
    },
    {
      "i": 9,
      "ok": true,
      "ms": 46.1,
      "val": "2.0"
    },
    {
      "i": 10,
      "ok": true,
      "ms": 48.2,
      "val": "2.0"
    },
    {
      "i": 11,
      "ok": true,
      "ms": 3041.9,
      "val": "3.0"
    },
    {
      "i": 12,
      "ok": true,
      "ms": 49.0,
      "val": "3.0"
    },
    {
      "i": 13,
      "ok": true,
      "ms": 48.1,
      "val": "3.0"
    },
    {
      "i": 14,
      "ok": true,
      "ms": 49.0,
      "val": "3.0"
    },
    {
      "i": 15,
      "ok": true,
      "ms": 47.3,
      "val": "3.0"
    },
    {
      "i": 16,
      "ok": true,
      "ms": 48.1,
      "val": "3.0"
    },
    {
      "i": 17,
      "ok": true,
      "ms": 49.3,
      "val": "3.0"
    },
    {
      "i": 18,
      "ok": true,
      "ms": 49.6,
      "val": "3.0"
    },
    {
      "i": 19,
      "ok": true,
      "ms": 44.5,
      "val": "3.0"
    },
    {
      "i": 20,
      "ok": true,
      "ms": 48.4,
      "val": "3.0"
    },
    {
      "i": 21,
      "ok": true,
      "ms": 47.1,
      "val": "3.0"
    },
    {
      "i": 22,
      "ok": true,
      "ms": 47.9,
      "val": "3.0"
    },
    {
      "i": 23,
      "ok": true,
      "ms": 50.4,
      "val": "3.0"
    },
    {
      "i": 24,
      "ok": true,
      "ms": 45.1,
      "val": "3.0"
    },
    {
      "i": 25,
      "ok": true,
      "ms": 48.9,
      "val": "3.0"
    },
    {
      "i": 26,
      "ok": true,
      "ms": 48.6,
      "val": "3.0"
    },
    {
      "i": 27,
      "ok": true,
      "ms": 47.8,
      "val": "3.0"
    },
    {
      "i": 28,
      "ok": true,
      "ms": 47.9,
      "val": "3.0"
    },
    {
      "i": 29,
      "ok": true,
      "ms": 46.7,
      "val": "3.0"
    }
  ],
  "summary": {
    "count": 30,
    "ok": 30,
    "fail": 0,
    "p50": 48.1,
    "p95": 3041.9,
    "max": 3042.5
  }
}
